2026-03-06 13:34:41 | main                 | INFO     | Starte Pipeline: Run-ID 'demo-run'
2026-03-06 13:34:41 | pipeline             | INFO     | === Pipeline gestartet: Run demo-run ===
2026-03-06 13:34:41 | parser.csv           | INFO     | CSV gelesen: input/sample_companies.csv (5 Zeilen, encoding=utf-8-sig)
2026-03-06 13:34:41 | parser.csv           | INFO     | Firmen geladen: 5 von 5
2026-03-06 13:34:41 | parser.csv           | INFO     | CSV gelesen: input/sample_job_profiles.csv (5 Zeilen, encoding=utf-8-sig)
2026-03-06 13:34:41 | parser.csv           | INFO     | Jobprofile geladen: 5 von 5
2026-03-06 13:34:41 | parser.markdown      | INFO     | Produktkontext geladen: 'B2B SaaS Plattform für Marketing-Automatisierung' | 4 Keywords | 4 Pain Points
2026-03-06 13:34:41 | pipeline             | INFO     | Geladen: 5 Firmen | 5 Jobprofile | Produkt: 'B2B SaaS Plattform für Marketing-Automatisierung'
2026-03-06 13:34:41 | pipeline             | INFO     | [1/5] Verarbeite: TechVision GmbH
2026-03-06 13:34:41 | research.company     | INFO     | Recherchiere: TechVision GmbH (techvision.de)
2026-03-06 13:34:41 | retry                | WARNING  | Versuch 1/3 fehlgeschlagen: HTTPSConnectionPool(host='techvision.de', port=443): Max retries exceeded with url: / (Caused by ProxyError('Unable to connect to proxy', OSError('Tunnel connection failed: 403 Forbidden'))). Warte 1.0s...
2026-03-06 13:34:42 | retry                | WARNING  | Versuch 2/3 fehlgeschlagen: HTTPSConnectionPool(host='techvision.de', port=443): Max retries exceeded with url: / (Caused by ProxyError('Unable to connect to proxy', OSError('Tunnel connection failed: 403 Forbidden'))). Warte 2.0s...
2026-03-06 13:34:44 | retry                | WARNING  | Versuch 3/3 fehlgeschlagen: HTTPSConnectionPool(host='techvision.de', port=443): Max retries exceeded with url: / (Caused by ProxyError('Unable to connect to proxy', OSError('Tunnel connection failed: 403 Forbidden'))). Warte 4.0s...
2026-03-06 13:34:48 | retry                | ERROR    | Alle 3 Versuche fehlgeschlagen: HTTPSConnectionPool(host='techvision.de', port=443): Max retries exceeded with url: / (Caused by ProxyError('Unable to connect to proxy', OSError('Tunnel connection failed: 403 Forbidden')))
2026-03-06 13:34:48 | retry                | WARNING  | GET https://techvision.de fehlgeschlagen: HTTPSConnectionPool(host='techvision.de', port=443): Max retries exceeded with url: / (Caused by ProxyError('Unable to connect to proxy', OSError('Tunnel connection failed: 403 Forbidden')))
2026-03-06 13:34:48 | retry                | WARNING  | Versuch 1/3 fehlgeschlagen: HTTPSConnectionPool(host='techvision.de', port=443): Max retries exceeded with url: /team (Caused by ProxyError('Unable to connect to proxy', OSError('Tunnel connection failed: 403 Forbidden'))). Warte 1.0s...
2026-03-06 13:34:49 | retry                | WARNING  | Versuch 2/3 fehlgeschlagen: HTTPSConnectionPool(host='techvision.de', port=443): Max retries exceeded with url: /team (Caused by ProxyError('Unable to connect to proxy', OSError('Tunnel connection failed: 403 Forbidden'))). Warte 2.0s...
2026-03-06 13:34:51 | retry                | WARNING  | Versuch 3/3 fehlgeschlagen: HTTPSConnectionPool(host='techvision.de', port=443): Max retries exceeded with url: /team (Caused by ProxyError('Unable to connect to proxy', OSError('Tunnel connection failed: 403 Forbidden'))). Warte 4.0s...
2026-03-06 13:34:55 | retry                | ERROR    | Alle 3 Versuche fehlgeschlagen: HTTPSConnectionPool(host='techvision.de', port=443): Max retries exceeded with url: /team (Caused by ProxyError('Unable to connect to proxy', OSError('Tunnel connection failed: 403 Forbidden')))
2026-03-06 13:34:55 | retry                | WARNING  | GET https://techvision.de/team fehlgeschlagen: HTTPSConnectionPool(host='techvision.de', port=443): Max retries exceeded with url: /team (Caused by ProxyError('Unable to connect to proxy', OSError('Tunnel connection failed: 403 Forbidden')))
2026-03-06 13:34:55 | retry                | WARNING  | Versuch 1/3 fehlgeschlagen: HTTPSConnectionPool(host='techvision.de', port=443): Max retries exceeded with url: /about (Caused by ProxyError('Unable to connect to proxy', OSError('Tunnel connection failed: 403 Forbidden'))). Warte 1.0s...
2026-03-06 13:34:56 | retry                | WARNING  | Versuch 2/3 fehlgeschlagen: HTTPSConnectionPool(host='techvision.de', port=443): Max retries exceeded with url: /about (Caused by ProxyError('Unable to connect to proxy', OSError('Tunnel connection failed: 403 Forbidden'))). Warte 2.0s...
2026-03-06 13:34:58 | retry                | WARNING  | Versuch 3/3 fehlgeschlagen: HTTPSConnectionPool(host='techvision.de', port=443): Max retries exceeded with url: /about (Caused by ProxyError('Unable to connect to proxy', OSError('Tunnel connection failed: 403 Forbidden'))). Warte 4.0s...
2026-03-06 13:35:02 | retry                | ERROR    | Alle 3 Versuche fehlgeschlagen: HTTPSConnectionPool(host='techvision.de', port=443): Max retries exceeded with url: /about (Caused by ProxyError('Unable to connect to proxy', OSError('Tunnel connection failed: 403 Forbidden')))
2026-03-06 13:35:02 | retry                | WARNING  | GET https://techvision.de/about fehlgeschlagen: HTTPSConnectionPool(host='techvision.de', port=443): Max retries exceeded with url: /about (Caused by ProxyError('Unable to connect to proxy', OSError('Tunnel connection failed: 403 Forbidden')))
2026-03-06 13:35:02 | retry                | WARNING  | Versuch 1/3 fehlgeschlagen: HTTPSConnectionPool(host='techvision.de', port=443): Max retries exceeded with url: /about-us (Caused by ProxyError('Unable to connect to proxy', OSError('Tunnel connection failed: 403 Forbidden'))). Warte 1.0s...
2026-03-06 13:35:03 | retry                | WARNING  | Versuch 2/3 fehlgeschlagen: HTTPSConnectionPool(host='techvision.de', port=443): Max retries exceeded with url: /about-us (Caused by ProxyError('Unable to connect to proxy', OSError('Tunnel connection failed: 403 Forbidden'))). Warte 2.0s...
2026-03-06 13:35:05 | retry                | WARNING  | Versuch 3/3 fehlgeschlagen: HTTPSConnectionPool(host='techvision.de', port=443): Max retries exceeded with url: /about-us (Caused by ProxyError('Unable to connect to proxy', OSError('Tunnel connection failed: 403 Forbidden'))). Warte 4.0s...
2026-03-06 13:35:09 | retry                | ERROR    | Alle 3 Versuche fehlgeschlagen: HTTPSConnectionPool(host='techvision.de', port=443): Max retries exceeded with url: /about-us (Caused by ProxyError('Unable to connect to proxy', OSError('Tunnel connection failed: 403 Forbidden')))
2026-03-06 13:35:09 | retry                | WARNING  | GET https://techvision.de/about-us fehlgeschlagen: HTTPSConnectionPool(host='techvision.de', port=443): Max retries exceeded with url: /about-us (Caused by ProxyError('Unable to connect to proxy', OSError('Tunnel connection failed: 403 Forbidden')))
2026-03-06 13:35:09 | retry                | WARNING  | Versuch 1/3 fehlgeschlagen: HTTPSConnectionPool(host='techvision.de', port=443): Max retries exceeded with url: /uber-uns (Caused by ProxyError('Unable to connect to proxy', OSError('Tunnel connection failed: 403 Forbidden'))). Warte 1.0s...
2026-03-06 13:35:10 | retry                | WARNING  | Versuch 2/3 fehlgeschlagen: HTTPSConnectionPool(host='techvision.de', port=443): Max retries exceeded with url: /uber-uns (Caused by ProxyError('Unable to connect to proxy', OSError('Tunnel connection failed: 403 Forbidden'))). Warte 2.0s...
2026-03-06 13:35:12 | retry                | WARNING  | Versuch 3/3 fehlgeschlagen: HTTPSConnectionPool(host='techvision.de', port=443): Max retries exceeded with url: /uber-uns (Caused by ProxyError('Unable to connect to proxy', OSError('Tunnel connection failed: 403 Forbidden'))). Warte 4.0s...
2026-03-06 13:35:16 | retry                | ERROR    | Alle 3 Versuche fehlgeschlagen: HTTPSConnectionPool(host='techvision.de', port=443): Max retries exceeded with url: /uber-uns (Caused by ProxyError('Unable to connect to proxy', OSError('Tunnel connection failed: 403 Forbidden')))
2026-03-06 13:35:16 | retry                | WARNING  | GET https://techvision.de/uber-uns fehlgeschlagen: HTTPSConnectionPool(host='techvision.de', port=443): Max retries exceeded with url: /uber-uns (Caused by ProxyError('Unable to connect to proxy', OSError('Tunnel connection failed: 403 Forbidden')))
2026-03-06 13:35:16 | retry                | WARNING  | Versuch 1/3 fehlgeschlagen: HTTPSConnectionPool(host='techvision.de', port=443): Max retries exceeded with url: /ueber-uns (Caused by ProxyError('Unable to connect to proxy', OSError('Tunnel connection failed: 403 Forbidden'))). Warte 1.0s...
2026-03-06 13:35:17 | retry                | WARNING  | Versuch 2/3 fehlgeschlagen: HTTPSConnectionPool(host='techvision.de', port=443): Max retries exceeded with url: /ueber-uns (Caused by ProxyError('Unable to connect to proxy', OSError('Tunnel connection failed: 403 Forbidden'))). Warte 2.0s...
2026-03-06 13:35:19 | retry                | WARNING  | Versuch 3/3 fehlgeschlagen: HTTPSConnectionPool(host='techvision.de', port=443): Max retries exceeded with url: /ueber-uns (Caused by ProxyError('Unable to connect to proxy', OSError('Tunnel connection failed: 403 Forbidden'))). Warte 4.0s...
2026-03-06 13:35:23 | retry                | ERROR    | Alle 3 Versuche fehlgeschlagen: HTTPSConnectionPool(host='techvision.de', port=443): Max retries exceeded with url: /ueber-uns (Caused by ProxyError('Unable to connect to proxy', OSError('Tunnel connection failed: 403 Forbidden')))
2026-03-06 13:35:23 | retry                | WARNING  | GET https://techvision.de/ueber-uns fehlgeschlagen: HTTPSConnectionPool(host='techvision.de', port=443): Max retries exceeded with url: /ueber-uns (Caused by ProxyError('Unable to connect to proxy', OSError('Tunnel connection failed: 403 Forbidden')))
2026-03-06 13:35:23 | retry                | WARNING  | Versuch 1/3 fehlgeschlagen: HTTPSConnectionPool(host='techvision.de', port=443): Max retries exceeded with url: /management (Caused by ProxyError('Unable to connect to proxy', OSError('Tunnel connection failed: 403 Forbidden'))). Warte 1.0s...
2026-03-06 13:35:24 | retry                | WARNING  | Versuch 2/3 fehlgeschlagen: HTTPSConnectionPool(host='techvision.de', port=443): Max retries exceeded with url: /management (Caused by ProxyError('Unable to connect to proxy', OSError('Tunnel connection failed: 403 Forbidden'))). Warte 2.0s...
2026-03-06 13:35:26 | retry                | WARNING  | Versuch 3/3 fehlgeschlagen: HTTPSConnectionPool(host='techvision.de', port=443): Max retries exceeded with url: /management (Caused by ProxyError('Unable to connect to proxy', OSError('Tunnel connection failed: 403 Forbidden'))). Warte 4.0s...
2026-03-06 13:35:30 | retry                | ERROR    | Alle 3 Versuche fehlgeschlagen: HTTPSConnectionPool(host='techvision.de', port=443): Max retries exceeded with url: /management (Caused by ProxyError('Unable to connect to proxy', OSError('Tunnel connection failed: 403 Forbidden')))
2026-03-06 13:35:30 | retry                | WARNING  | GET https://techvision.de/management fehlgeschlagen: HTTPSConnectionPool(host='techvision.de', port=443): Max retries exceeded with url: /management (Caused by ProxyError('Unable to connect to proxy', OSError('Tunnel connection failed: 403 Forbidden')))
2026-03-06 13:35:30 | retry                | WARNING  | Versuch 1/3 fehlgeschlagen: HTTPSConnectionPool(host='techvision.de', port=443): Max retries exceeded with url: /leadership (Caused by ProxyError('Unable to connect to proxy', OSError('Tunnel connection failed: 403 Forbidden'))). Warte 1.0s...
2026-03-06 13:35:31 | retry                | WARNING  | Versuch 2/3 fehlgeschlagen: HTTPSConnectionPool(host='techvision.de', port=443): Max retries exceeded with url: /leadership (Caused by ProxyError('Unable to connect to proxy', OSError('Tunnel connection failed: 403 Forbidden'))). Warte 2.0s...
2026-03-06 13:35:33 | retry                | WARNING  | Versuch 3/3 fehlgeschlagen: HTTPSConnectionPool(host='techvision.de', port=443): Max retries exceeded with url: /leadership (Caused by ProxyError('Unable to connect to proxy', OSError('Tunnel connection failed: 403 Forbidden'))). Warte 4.0s...
2026-03-06 13:35:37 | retry                | ERROR    | Alle 3 Versuche fehlgeschlagen: HTTPSConnectionPool(host='techvision.de', port=443): Max retries exceeded with url: /leadership (Caused by ProxyError('Unable to connect to proxy', OSError('Tunnel connection failed: 403 Forbidden')))
2026-03-06 13:35:37 | retry                | WARNING  | GET https://techvision.de/leadership fehlgeschlagen: HTTPSConnectionPool(host='techvision.de', port=443): Max retries exceeded with url: /leadership (Caused by ProxyError('Unable to connect to proxy', OSError('Tunnel connection failed: 403 Forbidden')))
2026-03-06 13:35:37 | retry                | WARNING  | Versuch 1/3 fehlgeschlagen: HTTPSConnectionPool(host='techvision.de', port=443): Max retries exceeded with url: /board (Caused by ProxyError('Unable to connect to proxy', OSError('Tunnel connection failed: 403 Forbidden'))). Warte 1.0s...
2026-03-06 13:35:38 | retry                | WARNING  | Versuch 2/3 fehlgeschlagen: HTTPSConnectionPool(host='techvision.de', port=443): Max retries exceeded with url: /board (Caused by ProxyError('Unable to connect to proxy', OSError('Tunnel connection failed: 403 Forbidden'))). Warte 2.0s...
2026-03-06 13:35:40 | retry                | WARNING  | Versuch 3/3 fehlgeschlagen: HTTPSConnectionPool(host='techvision.de', port=443): Max retries exceeded with url: /board (Caused by ProxyError('Unable to connect to proxy', OSError('Tunnel connection failed: 403 Forbidden'))). Warte 4.0s...
2026-03-06 13:35:44 | retry                | ERROR    | Alle 3 Versuche fehlgeschlagen: HTTPSConnectionPool(host='techvision.de', port=443): Max retries exceeded with url: /board (Caused by ProxyError('Unable to connect to proxy', OSError('Tunnel connection failed: 403 Forbidden')))
2026-03-06 13:35:44 | retry                | WARNING  | GET https://techvision.de/board fehlgeschlagen: HTTPSConnectionPool(host='techvision.de', port=443): Max retries exceeded with url: /board (Caused by ProxyError('Unable to connect to proxy', OSError('Tunnel connection failed: 403 Forbidden')))
2026-03-06 13:35:44 | retry                | WARNING  | Versuch 1/3 fehlgeschlagen: HTTPSConnectionPool(host='techvision.de', port=443): Max retries exceeded with url: /founders (Caused by ProxyError('Unable to connect to proxy', OSError('Tunnel connection failed: 403 Forbidden'))). Warte 1.0s...
2026-03-06 13:35:45 | retry                | WARNING  | Versuch 2/3 fehlgeschlagen: HTTPSConnectionPool(host='techvision.de', port=443): Max retries exceeded with url: /founders (Caused by ProxyError('Unable to connect to proxy', OSError('Tunnel connection failed: 403 Forbidden'))). Warte 2.0s...
2026-03-06 13:35:47 | retry                | WARNING  | Versuch 3/3 fehlgeschlagen: HTTPSConnectionPool(host='techvision.de', port=443): Max retries exceeded with url: /founders (Caused by ProxyError('Unable to connect to proxy', OSError('Tunnel connection failed: 403 Forbidden'))). Warte 4.0s...
2026-03-06 13:35:51 | retry                | ERROR    | Alle 3 Versuche fehlgeschlagen: HTTPSConnectionPool(host='techvision.de', port=443): Max retries exceeded with url: /founders (Caused by ProxyError('Unable to connect to proxy', OSError('Tunnel connection failed: 403 Forbidden')))
2026-03-06 13:35:51 | retry                | WARNING  | GET https://techvision.de/founders fehlgeschlagen: HTTPSConnectionPool(host='techvision.de', port=443): Max retries exceeded with url: /founders (Caused by ProxyError('Unable to connect to proxy', OSError('Tunnel connection failed: 403 Forbidden')))
2026-03-06 13:35:51 | retry                | WARNING  | Versuch 1/3 fehlgeschlagen: HTTPSConnectionPool(host='techvision.de', port=443): Max retries exceeded with url: /people (Caused by ProxyError('Unable to connect to proxy', OSError('Tunnel connection failed: 403 Forbidden'))). Warte 1.0s...
2026-03-06 13:35:52 | retry                | WARNING  | Versuch 2/3 fehlgeschlagen: HTTPSConnectionPool(host='techvision.de', port=443): Max retries exceeded with url: /people (Caused by ProxyError('Unable to connect to proxy', OSError('Tunnel connection failed: 403 Forbidden'))). Warte 2.0s...
2026-03-06 13:35:54 | retry                | WARNING  | Versuch 3/3 fehlgeschlagen: HTTPSConnectionPool(host='techvision.de', port=443): Max retries exceeded with url: /people (Caused by ProxyError('Unable to connect to proxy', OSError('Tunnel connection failed: 403 Forbidden'))). Warte 4.0s...
2026-03-06 13:35:58 | retry                | ERROR    | Alle 3 Versuche fehlgeschlagen: HTTPSConnectionPool(host='techvision.de', port=443): Max retries exceeded with url: /people (Caused by ProxyError('Unable to connect to proxy', OSError('Tunnel connection failed: 403 Forbidden')))
2026-03-06 13:35:58 | retry                | WARNING  | GET https://techvision.de/people fehlgeschlagen: HTTPSConnectionPool(host='techvision.de', port=443): Max retries exceeded with url: /people (Caused by ProxyError('Unable to connect to proxy', OSError('Tunnel connection failed: 403 Forbidden')))
2026-03-06 13:35:58 | retry                | WARNING  | Versuch 1/3 fehlgeschlagen: HTTPSConnectionPool(host='techvision.de', port=443): Max retries exceeded with url: /kontakt (Caused by ProxyError('Unable to connect to proxy', OSError('Tunnel connection failed: 403 Forbidden'))). Warte 1.0s...
2026-03-06 13:35:59 | retry                | WARNING  | Versuch 2/3 fehlgeschlagen: HTTPSConnectionPool(host='techvision.de', port=443): Max retries exceeded with url: /kontakt (Caused by ProxyError('Unable to connect to proxy', OSError('Tunnel connection failed: 403 Forbidden'))). Warte 2.0s...
2026-03-06 13:36:01 | retry                | WARNING  | Versuch 3/3 fehlgeschlagen: HTTPSConnectionPool(host='techvision.de', port=443): Max retries exceeded with url: /kontakt (Caused by ProxyError('Unable to connect to proxy', OSError('Tunnel connection failed: 403 Forbidden'))). Warte 4.0s...
2026-03-06 13:36:05 | retry                | ERROR    | Alle 3 Versuche fehlgeschlagen: HTTPSConnectionPool(host='techvision.de', port=443): Max retries exceeded with url: /kontakt (Caused by ProxyError('Unable to connect to proxy', OSError('Tunnel connection failed: 403 Forbidden')))
2026-03-06 13:36:05 | retry                | WARNING  | GET https://techvision.de/kontakt fehlgeschlagen: HTTPSConnectionPool(host='techvision.de', port=443): Max retries exceeded with url: /kontakt (Caused by ProxyError('Unable to connect to proxy', OSError('Tunnel connection failed: 403 Forbidden')))
2026-03-06 13:36:05 | retry                | WARNING  | Versuch 1/3 fehlgeschlagen: HTTPSConnectionPool(host='techvision.de', port=443): Max retries exceeded with url: /contact (Caused by ProxyError('Unable to connect to proxy', OSError('Tunnel connection failed: 403 Forbidden'))). Warte 1.0s...
2026-03-06 13:36:06 | retry                | WARNING  | Versuch 2/3 fehlgeschlagen: HTTPSConnectionPool(host='techvision.de', port=443): Max retries exceeded with url: /contact (Caused by ProxyError('Unable to connect to proxy', OSError('Tunnel connection failed: 403 Forbidden'))). Warte 2.0s...
2026-03-06 13:36:08 | retry                | WARNING  | Versuch 3/3 fehlgeschlagen: HTTPSConnectionPool(host='techvision.de', port=443): Max retries exceeded with url: /contact (Caused by ProxyError('Unable to connect to proxy', OSError('Tunnel connection failed: 403 Forbidden'))). Warte 4.0s...
2026-03-06 13:36:12 | retry                | ERROR    | Alle 3 Versuche fehlgeschlagen: HTTPSConnectionPool(host='techvision.de', port=443): Max retries exceeded with url: /contact (Caused by ProxyError('Unable to connect to proxy', OSError('Tunnel connection failed: 403 Forbidden')))
2026-03-06 13:36:12 | retry                | WARNING  | GET https://techvision.de/contact fehlgeschlagen: HTTPSConnectionPool(host='techvision.de', port=443): Max retries exceeded with url: /contact (Caused by ProxyError('Unable to connect to proxy', OSError('Tunnel connection failed: 403 Forbidden')))
2026-03-06 13:36:12 | retry                | WARNING  | Versuch 1/3 fehlgeschlagen: HTTPSConnectionPool(host='techvision.de', port=443): Max retries exceeded with url: /company (Caused by ProxyError('Unable to connect to proxy', OSError('Tunnel connection failed: 403 Forbidden'))). Warte 1.0s...
2026-03-06 13:36:13 | retry                | WARNING  | Versuch 2/3 fehlgeschlagen: HTTPSConnectionPool(host='techvision.de', port=443): Max retries exceeded with url: /company (Caused by ProxyError('Unable to connect to proxy', OSError('Tunnel connection failed: 403 Forbidden'))). Warte 2.0s...
2026-03-06 13:36:15 | retry                | WARNING  | Versuch 3/3 fehlgeschlagen: HTTPSConnectionPool(host='techvision.de', port=443): Max retries exceeded with url: /company (Caused by ProxyError('Unable to connect to proxy', OSError('Tunnel connection failed: 403 Forbidden'))). Warte 4.0s...
2026-03-06 13:36:19 | retry                | ERROR    | Alle 3 Versuche fehlgeschlagen: HTTPSConnectionPool(host='techvision.de', port=443): Max retries exceeded with url: /company (Caused by ProxyError('Unable to connect to proxy', OSError('Tunnel connection failed: 403 Forbidden')))
2026-03-06 13:36:19 | retry                | WARNING  | GET https://techvision.de/company fehlgeschlagen: HTTPSConnectionPool(host='techvision.de', port=443): Max retries exceeded with url: /company (Caused by ProxyError('Unable to connect to proxy', OSError('Tunnel connection failed: 403 Forbidden')))
2026-03-06 13:36:19 | retry                | WARNING  | Versuch 1/3 fehlgeschlagen: HTTPSConnectionPool(host='techvision.de', port=443): Max retries exceeded with url: /unternehmen (Caused by ProxyError('Unable to connect to proxy', OSError('Tunnel connection failed: 403 Forbidden'))). Warte 1.0s...
2026-03-06 13:36:20 | retry                | WARNING  | Versuch 2/3 fehlgeschlagen: HTTPSConnectionPool(host='techvision.de', port=443): Max retries exceeded with url: /unternehmen (Caused by ProxyError('Unable to connect to proxy', OSError('Tunnel connection failed: 403 Forbidden'))). Warte 2.0s...
2026-03-06 13:36:22 | retry                | WARNING  | Versuch 3/3 fehlgeschlagen: HTTPSConnectionPool(host='techvision.de', port=443): Max retries exceeded with url: /unternehmen (Caused by ProxyError('Unable to connect to proxy', OSError('Tunnel connection failed: 403 Forbidden'))). Warte 4.0s...
2026-03-06 13:36:56 | parser.csv           | INFO     | CSV gelesen: b2b_leads/input/sample_companies.csv (10 Zeilen, encoding=utf-8-sig)
2026-03-06 13:36:56 | parser.csv           | INFO     | Firmen geladen: 10 von 10
2026-03-06 13:36:56 | parser.csv           | INFO     | CSV gelesen: b2b_leads/input/sample_job_profiles.csv (5 Zeilen, encoding=utf-8-sig)
2026-03-06 13:36:56 | parser.csv           | INFO     | Jobprofile geladen: 5 von 5
2026-03-06 13:36:56 | parser.markdown      | INFO     | Produktkontext geladen: 'B2B SaaS Plattform für Marketing-Automatisierung' | 6 Keywords | 6 Pain Points
2026-03-06 13:36:56 | export               | INFO     | Export: 13 Leads (von 13 gesamt, min_relevanz=1)
2026-03-06 13:36:56 | export               | INFO     | CSV exportiert: output/leads_offline-demo.csv (13 Zeilen)
2026-03-06 13:36:56 | export               | INFO     | XLSX exportiert: output/leads_offline-demo.xlsx (13 Zeilen)
2026-03-06 13:36:56 | export               | INFO     | Summary JSON exportiert: output/summary_offline-demo.json
